{
  "skills": [
    {
      "id": "0000000001",
      "name": "攻撃",
      "description": "攻撃力が上昇する",
      "level": [
        {
          "1": "攻撃力+3"
        },
        {
          "2": "攻撃力+6"
        }
      ]
    },
    {
      "id": "0000000002",
      "name": "防御",
      "description": "防御力が上昇する",
      "level": [
        {
          "1": "防御力+5"
        }
      ]
    }
  ]
}